[2026-05-28 07:21:48] [INFO] ━━━━━━━━━━━━━━━━━━━━━━━━━━━━━━━━━━━━━━━━━
[2026-05-28 07:21:48] [INFO] Iniciando envío → info@masquefianzas.com
[2026-05-28 07:21:48] [INFO] Servidor: smtp.gmail.com:587 | Cifrado: tls
[2026-05-28 07:21:48] [INFO] EHLO hostname local: FAMILIA-HB
[2026-05-28 07:21:49] [SMTP] S ← 220 smtp.gmail.com ESMTP 00721157ae682-7d38a21fc52sm88186207b3.21 - gsmtp
[2026-05-28 07:21:49] [SMTP] C → EHLO FAMILIA-HB
[2026-05-28 07:21:49] [SMTP] S ← 250-smtp.gmail.com at your service, [2001:1308:2796:bc00:f3d6:b467:a1f1:99bb]
[2026-05-28 07:21:49] [SMTP] S ← 250-SIZE 35882577
[2026-05-28 07:21:49] [SMTP] S ← 250-8BITMIME
[2026-05-28 07:21:49] [SMTP] S ← 250-STARTTLS
[2026-05-28 07:21:49] [SMTP] S ← 250-ENHANCEDSTATUSCODES
[2026-05-28 07:21:49] [SMTP] S ← 250-PIPELINING
[2026-05-28 07:21:49] [SMTP] S ← 250-CHUNKING
[2026-05-28 07:21:49] [SMTP] S ← 250 SMTPUTF8
[2026-05-28 07:21:49] [INFO] Enviando STARTTLS...
[2026-05-28 07:21:49] [SMTP] C → STARTTLS
[2026-05-28 07:21:49] [SMTP] S ← 220 2.0.0 Ready to start TLS
[2026-05-28 07:21:49] [SUCCESS] Cifrado TLS establecido.
[2026-05-28 07:21:49] [SMTP] C → EHLO FAMILIA-HB
[2026-05-28 07:21:49] [SMTP] S ← 250-smtp.gmail.com at your service, [2001:1308:2796:bc00:f3d6:b467:a1f1:99bb]
[2026-05-28 07:21:49] [SMTP] S ← 250-SIZE 35882577
[2026-05-28 07:21:49] [SMTP] S ← 250-8BITMIME
[2026-05-28 07:21:49] [SMTP] S ← 250-AUTH LOGIN PLAIN XOAUTH2 PLAIN-CLIENTTOKEN OAUTHBEARER XOAUTH
[2026-05-28 07:21:49] [SMTP] S ← 250-ENHANCEDSTATUSCODES
[2026-05-28 07:21:49] [SMTP] S ← 250-PIPELINING
[2026-05-28 07:21:49] [SMTP] S ← 250-CHUNKING
[2026-05-28 07:21:49] [SMTP] S ← 250 SMTPUTF8
[2026-05-28 07:21:49] [SMTP] C → AUTH LOGIN
[2026-05-28 07:21:49] [SMTP] S ← 334 VXNlcm5hbWU6
[2026-05-28 07:21:49] [SMTP] C → cGFzdG9yYW5kZXJzb25oZW5yaXF1ZXpAZ21haWwuY29t
[2026-05-28 07:21:49] [SMTP] S ← 334 UGFzc3dvcmQ6
[2026-05-28 07:21:49] [SMTP] C → [PASSWORD OCULTA]
[2026-05-28 07:21:49] [SMTP] S ← 235 2.7.0 Accepted
[2026-05-28 07:21:49] [SUCCESS] Autenticación exitosa.
[2026-05-28 07:21:49] [SMTP] C → MAIL FROM:<pastorandersonhenriquez@gmail.com>
[2026-05-28 07:21:49] [SMTP] S ← 250 2.1.0 OK 00721157ae682-7d38a21fc52sm88186207b3.21 - gsmtp
[2026-05-28 07:21:49] [SMTP] C → RCPT TO:<info@masquefianzas.com>
[2026-05-28 07:21:49] [SMTP] S ← 250 2.1.5 OK 00721157ae682-7d38a21fc52sm88186207b3.21 - gsmtp
[2026-05-28 07:21:49] [SMTP] C → DATA
[2026-05-28 07:21:49] [SMTP] S ← 354 Go ahead 00721157ae682-7d38a21fc52sm88186207b3.21 - gsmtp
[2026-05-28 07:21:50] [SMTP] S ← 250 2.0.0 OK  1779967310 00721157ae682-7d38a21fc52sm88186207b3.21 - gsmtp
[2026-05-28 07:21:50] [SMTP] C → QUIT
[2026-05-28 07:21:50] [SUCCESS] ✔ Correo enviado exitosamente a info@masquefianzas.com
[2026-05-28 07:21:50] [INFO]   Message-ID: <mqf.6a18254dde3810.07682012@smtp.gmail.com>
[2026-05-28 07:21:50] [INFO] ━━━━━━━━━━━━━━━━━━━━━━━━━━━━━━━━━━━━━━━━━
[2026-05-28 09:49:57] [WARNING] [AUTH] Contraseña incorrecta | username: admin | ID: 1 | intento 1 de 5
[2026-05-28 09:50:06] [WARNING] [AUTH] Contraseña incorrecta | username: pdv.prueba | ID: 12 | intento 1 de 5
[2026-05-28 09:50:23] [WARNING] [AUTH] Contraseña incorrecta | username: admin | ID: 1 | intento 2 de 5
[2026-05-28 23:41:29] [INFO] [RECOVERY] Token de recuperación generado | usuario ID: 1 | username: admin | email destino: ahenriquezmarte@gmail.com | expira: 2026-05-29 00:41:29
[2026-05-28 23:41:29] [INFO] ━━━━━━━━━━━━━━━━━━━━━━━━━━━━━━━━━━━━━━━━━
[2026-05-28 23:41:29] [INFO] Iniciando envío → ahenriquezmarte@gmail.com
[2026-05-28 23:41:29] [INFO] Servidor: smtp.gmail.com:587 | Cifrado: tls
[2026-05-28 23:41:29] [INFO] EHLO hostname local: FAMILIA-HB
[2026-05-28 23:41:29] [SMTP] S ← 220 smtp.gmail.com ESMTP 00721157ae682-7de67f31ebesm2117607b3.11 - gsmtp
[2026-05-28 23:41:29] [SMTP] C → EHLO FAMILIA-HB
[2026-05-28 23:41:29] [SMTP] S ← 250-smtp.gmail.com at your service, [2001:1308:27ae:ca00:b133:fd30:e678:3c46]
[2026-05-28 23:41:29] [SMTP] S ← 250-SIZE 35882577
[2026-05-28 23:41:29] [SMTP] S ← 250-8BITMIME
[2026-05-28 23:41:29] [SMTP] S ← 250-STARTTLS
[2026-05-28 23:41:29] [SMTP] S ← 250-ENHANCEDSTATUSCODES
[2026-05-28 23:41:29] [SMTP] S ← 250-PIPELINING
[2026-05-28 23:41:29] [SMTP] S ← 250-CHUNKING
[2026-05-28 23:41:29] [SMTP] S ← 250 SMTPUTF8
[2026-05-28 23:41:29] [INFO] Enviando STARTTLS...
[2026-05-28 23:41:29] [SMTP] C → STARTTLS
[2026-05-28 23:41:29] [SMTP] S ← 220 2.0.0 Ready to start TLS
[2026-05-28 23:41:29] [SUCCESS] Cifrado TLS establecido.
[2026-05-28 23:41:29] [SMTP] C → EHLO FAMILIA-HB
[2026-05-28 23:41:29] [SMTP] S ← 250-smtp.gmail.com at your service, [2001:1308:27ae:ca00:b133:fd30:e678:3c46]
[2026-05-28 23:41:29] [SMTP] S ← 250-SIZE 35882577
[2026-05-28 23:41:29] [SMTP] S ← 250-8BITMIME
[2026-05-28 23:41:29] [SMTP] S ← 250-AUTH LOGIN PLAIN XOAUTH2 PLAIN-CLIENTTOKEN OAUTHBEARER XOAUTH
[2026-05-28 23:41:29] [SMTP] S ← 250-ENHANCEDSTATUSCODES
[2026-05-28 23:41:29] [SMTP] S ← 250-PIPELINING
[2026-05-28 23:41:29] [SMTP] S ← 250-CHUNKING
[2026-05-28 23:41:29] [SMTP] S ← 250 SMTPUTF8
[2026-05-28 23:41:29] [SMTP] C → AUTH LOGIN
[2026-05-28 23:41:29] [SMTP] S ← 334 VXNlcm5hbWU6
[2026-05-28 23:41:29] [SMTP] C → cGFzdG9yYW5kZXJzb25oZW5yaXF1ZXpAZ21haWwuY29t
[2026-05-28 23:41:29] [SMTP] S ← 334 UGFzc3dvcmQ6
[2026-05-28 23:41:29] [SMTP] C → [PASSWORD OCULTA]
[2026-05-28 23:41:29] [SMTP] S ← 235 2.7.0 Accepted
[2026-05-28 23:41:29] [SUCCESS] Autenticación exitosa.
[2026-05-28 23:41:29] [SMTP] C → MAIL FROM:<pastorandersonhenriquez@gmail.com>
[2026-05-28 23:41:29] [SMTP] S ← 250 2.1.0 OK 00721157ae682-7de67f31ebesm2117607b3.11 - gsmtp
[2026-05-28 23:41:29] [SMTP] C → RCPT TO:<ahenriquezmarte@gmail.com>
[2026-05-28 23:41:30] [SMTP] S ← 250 2.1.5 OK 00721157ae682-7de67f31ebesm2117607b3.11 - gsmtp
[2026-05-28 23:41:30] [SMTP] C → DATA
[2026-05-28 23:41:30] [SMTP] S ← 354 Go ahead 00721157ae682-7de67f31ebesm2117607b3.11 - gsmtp
[2026-05-28 23:41:31] [SMTP] S ← 250 2.0.0 OK  1780026090 00721157ae682-7de67f31ebesm2117607b3.11 - gsmtp
[2026-05-28 23:41:31] [SMTP] C → QUIT
[2026-05-28 23:41:31] [SUCCESS] ✔ Correo enviado exitosamente a ahenriquezmarte@gmail.com
[2026-05-28 23:41:31] [INFO]   Message-ID: <mqf.6a190aeaaabe58.97594347@smtp.gmail.com>
[2026-05-28 23:41:31] [INFO] ━━━━━━━━━━━━━━━━━━━━━━━━━━━━━━━━━━━━━━━━━
[2026-05-28 23:44:46] [INFO] [RECOVERY] Token válido recibido | usuario ID: 1 | username: admin — procesando reset de contraseña
[2026-05-28 23:44:46] [SUCCESS] [RECOVERY] Contraseña restablecida EXITOSAMENTE vía token | usuario ID: 1 | username: admin | cuenta desbloqueada, intentos reseteados
[2026-05-29 23:11:44] [INFO] ━━━━━━━━━━━━━━━━━━━━━━━━━━━━━━━━━━━━━━━━━
[2026-05-29 23:11:44] [INFO] Iniciando envío → pastorandersonhenriquez@gmail.com
[2026-05-29 23:11:44] [INFO] Servidor: smtp.gmail.com:587 | Cifrado: tls
[2026-05-29 23:11:44] [INFO] EHLO hostname local: FAMILIA-HB
[2026-05-29 23:11:44] [SMTP] S ← 220 smtp.gmail.com ESMTP 956f58d0204a3-6606970b108sm36746d50.3 - gsmtp
[2026-05-29 23:11:44] [SMTP] C → EHLO FAMILIA-HB
[2026-05-29 23:11:44] [SMTP] S ← 250-smtp.gmail.com at your service, [2001:1308:27ae:ca00:c898:92eb:dd01:55b3]
[2026-05-29 23:11:44] [SMTP] S ← 250-SIZE 35882577
[2026-05-29 23:11:44] [SMTP] S ← 250-8BITMIME
[2026-05-29 23:11:44] [SMTP] S ← 250-STARTTLS
[2026-05-29 23:11:44] [SMTP] S ← 250-ENHANCEDSTATUSCODES
[2026-05-29 23:11:44] [SMTP] S ← 250-PIPELINING
[2026-05-29 23:11:44] [SMTP] S ← 250-CHUNKING
[2026-05-29 23:11:44] [SMTP] S ← 250 SMTPUTF8
[2026-05-29 23:11:44] [INFO] Enviando STARTTLS...
[2026-05-29 23:11:44] [SMTP] C → STARTTLS
[2026-05-29 23:11:44] [SMTP] S ← 220 2.0.0 Ready to start TLS
[2026-05-29 23:11:44] [SUCCESS] Cifrado TLS establecido.
[2026-05-29 23:11:44] [SMTP] C → EHLO FAMILIA-HB
[2026-05-29 23:11:44] [SMTP] S ← 250-smtp.gmail.com at your service, [2001:1308:27ae:ca00:c898:92eb:dd01:55b3]
[2026-05-29 23:11:44] [SMTP] S ← 250-SIZE 35882577
[2026-05-29 23:11:44] [SMTP] S ← 250-8BITMIME
[2026-05-29 23:11:44] [SMTP] S ← 250-AUTH LOGIN PLAIN XOAUTH2 PLAIN-CLIENTTOKEN OAUTHBEARER XOAUTH
[2026-05-29 23:11:44] [SMTP] S ← 250-ENHANCEDSTATUSCODES
[2026-05-29 23:11:44] [SMTP] S ← 250-PIPELINING
[2026-05-29 23:11:44] [SMTP] S ← 250-CHUNKING
[2026-05-29 23:11:44] [SMTP] S ← 250 SMTPUTF8
[2026-05-29 23:11:44] [SMTP] C → AUTH LOGIN
[2026-05-29 23:11:44] [SMTP] S ← 334 VXNlcm5hbWU6
[2026-05-29 23:11:44] [SMTP] C → cGFzdG9yYW5kZXJzb25oZW5yaXF1ZXpAZ21haWwuY29t
[2026-05-29 23:11:44] [SMTP] S ← 334 UGFzc3dvcmQ6
[2026-05-29 23:11:44] [SMTP] C → [PASSWORD OCULTA]
[2026-05-29 23:11:45] [SMTP] S ← 235 2.7.0 Accepted
[2026-05-29 23:11:45] [SUCCESS] Autenticación exitosa.
[2026-05-29 23:11:45] [SMTP] C → MAIL FROM:<pastorandersonhenriquez@gmail.com>
[2026-05-29 23:11:45] [SMTP] S ← 250 2.1.0 OK 956f58d0204a3-6606970b108sm36746d50.3 - gsmtp
[2026-05-29 23:11:45] [SMTP] C → RCPT TO:<pastorandersonhenriquez@gmail.com>
[2026-05-29 23:11:45] [SMTP] S ← 250 2.1.5 OK 956f58d0204a3-6606970b108sm36746d50.3 - gsmtp
[2026-05-29 23:11:45] [SMTP] C → DATA
[2026-05-29 23:11:45] [SMTP] S ← 354 Go ahead 956f58d0204a3-6606970b108sm36746d50.3 - gsmtp
[2026-05-29 23:11:45] [SMTP] S ← 250 2.0.0 OK  1780110706 956f58d0204a3-6606970b108sm36746d50.3 - gsmtp
[2026-05-29 23:11:45] [SMTP] C → QUIT
[2026-05-29 23:11:45] [SUCCESS] ✔ Correo enviado exitosamente a pastorandersonhenriquez@gmail.com
[2026-05-29 23:11:45] [INFO]   Message-ID: <mqf.6a1a557162b6f3.56715804@smtp.gmail.com>
[2026-05-29 23:11:45] [INFO] ━━━━━━━━━━━━━━━━━━━━━━━━━━━━━━━━━━━━━━━━━
[2026-05-29 23:29:19] [INFO] ━━━━━━━━━━━━━━━━━━━━━━━━━━━━━━━━━━━━━━━━━
[2026-05-29 23:29:19] [INFO] Iniciando envío → pastorandersonhenriquez@gmail.com
[2026-05-29 23:29:19] [INFO] Servidor: smtp.gmail.com:587 | Cifrado: tls
[2026-05-29 23:29:19] [INFO] EHLO hostname local: FAMILIA-HB
[2026-05-29 23:29:19] [SMTP] S ← 220 smtp.gmail.com ESMTP 956f58d0204a3-660699a0bf3sm44705d50.14 - gsmtp
[2026-05-29 23:29:19] [SMTP] C → EHLO FAMILIA-HB
[2026-05-29 23:29:19] [SMTP] S ← 250-smtp.gmail.com at your service, [2001:1308:27ae:ca00:c898:92eb:dd01:55b3]
[2026-05-29 23:29:19] [SMTP] S ← 250-SIZE 35882577
[2026-05-29 23:29:19] [SMTP] S ← 250-8BITMIME
[2026-05-29 23:29:19] [SMTP] S ← 250-STARTTLS
[2026-05-29 23:29:19] [SMTP] S ← 250-ENHANCEDSTATUSCODES
[2026-05-29 23:29:19] [SMTP] S ← 250-PIPELINING
[2026-05-29 23:29:19] [SMTP] S ← 250-CHUNKING
[2026-05-29 23:29:19] [SMTP] S ← 250 SMTPUTF8
[2026-05-29 23:29:19] [INFO] Enviando STARTTLS...
[2026-05-29 23:29:19] [SMTP] C → STARTTLS
[2026-05-29 23:29:20] [SMTP] S ← 220 2.0.0 Ready to start TLS
[2026-05-29 23:29:20] [SUCCESS] Cifrado TLS establecido.
[2026-05-29 23:29:20] [SMTP] C → EHLO FAMILIA-HB
[2026-05-29 23:29:20] [SMTP] S ← 250-smtp.gmail.com at your service, [2001:1308:27ae:ca00:c898:92eb:dd01:55b3]
[2026-05-29 23:29:20] [SMTP] S ← 250-SIZE 35882577
[2026-05-29 23:29:20] [SMTP] S ← 250-8BITMIME
[2026-05-29 23:29:20] [SMTP] S ← 250-AUTH LOGIN PLAIN XOAUTH2 PLAIN-CLIENTTOKEN OAUTHBEARER XOAUTH
[2026-05-29 23:29:20] [SMTP] S ← 250-ENHANCEDSTATUSCODES
[2026-05-29 23:29:20] [SMTP] S ← 250-PIPELINING
[2026-05-29 23:29:20] [SMTP] S ← 250-CHUNKING
[2026-05-29 23:29:20] [SMTP] S ← 250 SMTPUTF8
[2026-05-29 23:29:20] [SMTP] C → AUTH LOGIN
[2026-05-29 23:29:20] [SMTP] S ← 334 VXNlcm5hbWU6
[2026-05-29 23:29:20] [SMTP] C → cGFzdG9yYW5kZXJzb25oZW5yaXF1ZXpAZ21haWwuY29t
[2026-05-29 23:29:20] [SMTP] S ← 334 UGFzc3dvcmQ6
[2026-05-29 23:29:20] [SMTP] C → [PASSWORD OCULTA]
[2026-05-29 23:29:20] [SMTP] S ← 235 2.7.0 Accepted
[2026-05-29 23:29:20] [SUCCESS] Autenticación exitosa.
[2026-05-29 23:29:20] [SMTP] C → MAIL FROM:<pastorandersonhenriquez@gmail.com>
[2026-05-29 23:29:20] [SMTP] S ← 250 2.1.0 OK 956f58d0204a3-660699a0bf3sm44705d50.14 - gsmtp
[2026-05-29 23:29:20] [SMTP] C → RCPT TO:<pastorandersonhenriquez@gmail.com>
[2026-05-29 23:29:20] [SMTP] S ← 250 2.1.5 OK 956f58d0204a3-660699a0bf3sm44705d50.14 - gsmtp
[2026-05-29 23:29:20] [SMTP] C → DATA
[2026-05-29 23:29:20] [SMTP] S ← 354 Go ahead 956f58d0204a3-660699a0bf3sm44705d50.14 - gsmtp
[2026-05-29 23:29:21] [SMTP] S ← 250 2.0.0 OK  1780111761 956f58d0204a3-660699a0bf3sm44705d50.14 - gsmtp
[2026-05-29 23:29:21] [SMTP] C → QUIT
[2026-05-29 23:29:21] [SUCCESS] ✔ Correo enviado exitosamente a pastorandersonhenriquez@gmail.com
[2026-05-29 23:29:21] [INFO]   Message-ID: <mqf.6a1a59908c6651.25076541@smtp.gmail.com>
[2026-05-29 23:29:21] [INFO] ━━━━━━━━━━━━━━━━━━━━━━━━━━━━━━━━━━━━━━━━━
[2026-05-29 23:34:03] [INFO] ━━━━━━━━━━━━━━━━━━━━━━━━━━━━━━━━━━━━━━━━━
[2026-05-29 23:34:03] [INFO] Iniciando envío → pastorandersonhenriquez@gmail.com
[2026-05-29 23:34:03] [INFO] Servidor: smtp.gmail.com:587 | Cifrado: tls
[2026-05-29 23:34:03] [INFO] EHLO hostname local: FAMILIA-HB
[2026-05-29 23:34:03] [SMTP] S ← 220 smtp.gmail.com ESMTP 00721157ae682-7e17bf00600sm632927b3.35 - gsmtp
[2026-05-29 23:34:03] [SMTP] C → EHLO FAMILIA-HB
[2026-05-29 23:34:03] [SMTP] S ← 250-smtp.gmail.com at your service, [2001:1308:27ae:ca00:c898:92eb:dd01:55b3]
[2026-05-29 23:34:03] [SMTP] S ← 250-SIZE 35882577
[2026-05-29 23:34:03] [SMTP] S ← 250-8BITMIME
[2026-05-29 23:34:03] [SMTP] S ← 250-STARTTLS
[2026-05-29 23:34:03] [SMTP] S ← 250-ENHANCEDSTATUSCODES
[2026-05-29 23:34:03] [SMTP] S ← 250-PIPELINING
[2026-05-29 23:34:03] [SMTP] S ← 250-CHUNKING
[2026-05-29 23:34:03] [SMTP] S ← 250 SMTPUTF8
[2026-05-29 23:34:03] [INFO] Enviando STARTTLS...
[2026-05-29 23:34:03] [SMTP] C → STARTTLS
[2026-05-29 23:34:03] [SMTP] S ← 220 2.0.0 Ready to start TLS
[2026-05-29 23:34:03] [SUCCESS] Cifrado TLS establecido.
[2026-05-29 23:34:03] [SMTP] C → EHLO FAMILIA-HB
[2026-05-29 23:34:03] [SMTP] S ← 250-smtp.gmail.com at your service, [2001:1308:27ae:ca00:c898:92eb:dd01:55b3]
[2026-05-29 23:34:03] [SMTP] S ← 250-SIZE 35882577
[2026-05-29 23:34:03] [SMTP] S ← 250-8BITMIME
[2026-05-29 23:34:03] [SMTP] S ← 250-AUTH LOGIN PLAIN XOAUTH2 PLAIN-CLIENTTOKEN OAUTHBEARER XOAUTH
[2026-05-29 23:34:03] [SMTP] S ← 250-ENHANCEDSTATUSCODES
[2026-05-29 23:34:03] [SMTP] S ← 250-PIPELINING
[2026-05-29 23:34:03] [SMTP] S ← 250-CHUNKING
[2026-05-29 23:34:03] [SMTP] S ← 250 SMTPUTF8
[2026-05-29 23:34:03] [SMTP] C → AUTH LOGIN
[2026-05-29 23:34:03] [SMTP] S ← 334 VXNlcm5hbWU6
[2026-05-29 23:34:03] [SMTP] C → cGFzdG9yYW5kZXJzb25oZW5yaXF1ZXpAZ21haWwuY29t
[2026-05-29 23:34:04] [SMTP] S ← 334 UGFzc3dvcmQ6
[2026-05-29 23:34:04] [SMTP] C → [PASSWORD OCULTA]
[2026-05-29 23:34:04] [SMTP] S ← 235 2.7.0 Accepted
[2026-05-29 23:34:04] [SUCCESS] Autenticación exitosa.
[2026-05-29 23:34:04] [SMTP] C → MAIL FROM:<pastorandersonhenriquez@gmail.com>
[2026-05-29 23:34:04] [SMTP] S ← 250 2.1.0 OK 00721157ae682-7e17bf00600sm632927b3.35 - gsmtp
[2026-05-29 23:34:04] [SMTP] C → RCPT TO:<pastorandersonhenriquez@gmail.com>
[2026-05-29 23:34:04] [SMTP] S ← 250 2.1.5 OK 00721157ae682-7e17bf00600sm632927b3.35 - gsmtp
[2026-05-29 23:34:04] [SMTP] C → DATA
[2026-05-29 23:34:04] [SMTP] S ← 354 Go ahead 00721157ae682-7e17bf00600sm632927b3.35 - gsmtp
[2026-05-29 23:34:04] [SMTP] S ← 250 2.0.0 OK  1780112045 00721157ae682-7e17bf00600sm632927b3.35 - gsmtp
[2026-05-29 23:34:04] [SMTP] C → QUIT
[2026-05-29 23:34:04] [SUCCESS] ✔ Correo enviado exitosamente a pastorandersonhenriquez@gmail.com
[2026-05-29 23:34:04] [INFO]   Message-ID: <mqf.6a1a5aac59ed13.60016637@smtp.gmail.com>
[2026-05-29 23:34:04] [INFO] ━━━━━━━━━━━━━━━━━━━━━━━━━━━━━━━━━━━━━━━━━
[2026-05-29 23:46:14] [INFO] ━━━━━━━━━━━━━━━━━━━━━━━━━━━━━━━━━━━━━━━━━
[2026-05-29 23:46:14] [INFO] Iniciando envío → pastorandersonhenriquez@gmail.com
[2026-05-29 23:46:14] [INFO] Servidor: smtp.gmail.com:587 | Cifrado: tls
[2026-05-29 23:46:14] [INFO] EHLO hostname local: FAMILIA-HB
[2026-05-29 23:46:14] [SMTP] S ← 220 smtp.gmail.com ESMTP 00721157ae682-7e17c1e0e10sm766237b3.40 - gsmtp
[2026-05-29 23:46:14] [SMTP] C → EHLO FAMILIA-HB
[2026-05-29 23:46:14] [SMTP] S ← 250-smtp.gmail.com at your service, [2001:1308:27ae:ca00:c898:92eb:dd01:55b3]
[2026-05-29 23:46:14] [SMTP] S ← 250-SIZE 35882577
[2026-05-29 23:46:14] [SMTP] S ← 250-8BITMIME
[2026-05-29 23:46:14] [SMTP] S ← 250-STARTTLS
[2026-05-29 23:46:14] [SMTP] S ← 250-ENHANCEDSTATUSCODES
[2026-05-29 23:46:14] [SMTP] S ← 250-PIPELINING
[2026-05-29 23:46:14] [SMTP] S ← 250-CHUNKING
[2026-05-29 23:46:14] [SMTP] S ← 250 SMTPUTF8
[2026-05-29 23:46:14] [INFO] Enviando STARTTLS...
[2026-05-29 23:46:14] [SMTP] C → STARTTLS
[2026-05-29 23:46:14] [SMTP] S ← 220 2.0.0 Ready to start TLS
[2026-05-29 23:46:14] [SUCCESS] Cifrado TLS establecido.
[2026-05-29 23:46:14] [SMTP] C → EHLO FAMILIA-HB
[2026-05-29 23:46:15] [SMTP] S ← 250-smtp.gmail.com at your service, [2001:1308:27ae:ca00:c898:92eb:dd01:55b3]
[2026-05-29 23:46:15] [SMTP] S ← 250-SIZE 35882577
[2026-05-29 23:46:15] [SMTP] S ← 250-8BITMIME
[2026-05-29 23:46:15] [SMTP] S ← 250-AUTH LOGIN PLAIN XOAUTH2 PLAIN-CLIENTTOKEN OAUTHBEARER XOAUTH
[2026-05-29 23:46:15] [SMTP] S ← 250-ENHANCEDSTATUSCODES
[2026-05-29 23:46:15] [SMTP] S ← 250-PIPELINING
[2026-05-29 23:46:15] [SMTP] S ← 250-CHUNKING
[2026-05-29 23:46:15] [SMTP] S ← 250 SMTPUTF8
[2026-05-29 23:46:15] [SMTP] C → AUTH LOGIN
[2026-05-29 23:46:15] [SMTP] S ← 334 VXNlcm5hbWU6
[2026-05-29 23:46:15] [SMTP] C → cGFzdG9yYW5kZXJzb25oZW5yaXF1ZXpAZ21haWwuY29t
[2026-05-29 23:46:15] [SMTP] S ← 334 UGFzc3dvcmQ6
[2026-05-29 23:46:15] [SMTP] C → [PASSWORD OCULTA]
[2026-05-29 23:46:15] [SMTP] S ← 235 2.7.0 Accepted
[2026-05-29 23:46:15] [SUCCESS] Autenticación exitosa.
[2026-05-29 23:46:15] [SMTP] C → MAIL FROM:<pastorandersonhenriquez@gmail.com>
[2026-05-29 23:46:15] [SMTP] S ← 250 2.1.0 OK 00721157ae682-7e17c1e0e10sm766237b3.40 - gsmtp
[2026-05-29 23:46:15] [SMTP] C → RCPT TO:<pastorandersonhenriquez@gmail.com>
[2026-05-29 23:46:15] [SMTP] S ← 250 2.1.5 OK 00721157ae682-7e17c1e0e10sm766237b3.40 - gsmtp
[2026-05-29 23:46:15] [SMTP] C → DATA
[2026-05-29 23:46:15] [SMTP] S ← 354 Go ahead 00721157ae682-7e17c1e0e10sm766237b3.40 - gsmtp
[2026-05-29 23:46:16] [SMTP] S ← 250 2.0.0 OK  1780112776 00721157ae682-7e17c1e0e10sm766237b3.40 - gsmtp
[2026-05-29 23:46:16] [SMTP] C → QUIT
[2026-05-29 23:46:16] [SUCCESS] ✔ Correo enviado exitosamente a pastorandersonhenriquez@gmail.com
[2026-05-29 23:46:16] [INFO]   Message-ID: <mqf.6a1a5d8774b476.70086509@smtp.gmail.com>
[2026-05-29 23:46:16] [INFO] ━━━━━━━━━━━━━━━━━━━━━━━━━━━━━━━━━━━━━━━━━
[2026-05-29 23:55:58] [INFO] ━━━━━━━━━━━━━━━━━━━━━━━━━━━━━━━━━━━━━━━━━
[2026-05-29 23:55:58] [INFO] Iniciando envío → pastorandersonhenriquez@gmail.com
[2026-05-29 23:55:58] [INFO] Servidor: smtp.gmail.com:587 | Cifrado: tls
[2026-05-29 23:55:58] [INFO] EHLO hostname local: FAMILIA-HB
[2026-05-29 23:55:58] [SMTP] S ← 220 smtp.gmail.com ESMTP 956f58d0204a3-660697440basm79427d50.7 - gsmtp
[2026-05-29 23:55:58] [SMTP] C → EHLO FAMILIA-HB
[2026-05-29 23:55:58] [SMTP] S ← 250-smtp.gmail.com at your service, [2001:1308:27ae:ca00:c898:92eb:dd01:55b3]
[2026-05-29 23:55:58] [SMTP] S ← 250-SIZE 35882577
[2026-05-29 23:55:58] [SMTP] S ← 250-8BITMIME
[2026-05-29 23:55:58] [SMTP] S ← 250-STARTTLS
[2026-05-29 23:55:58] [SMTP] S ← 250-ENHANCEDSTATUSCODES
[2026-05-29 23:55:58] [SMTP] S ← 250-PIPELINING
[2026-05-29 23:55:58] [SMTP] S ← 250-CHUNKING
[2026-05-29 23:55:58] [SMTP] S ← 250 SMTPUTF8
[2026-05-29 23:55:58] [INFO] Enviando STARTTLS...
[2026-05-29 23:55:58] [SMTP] C → STARTTLS
[2026-05-29 23:55:58] [SMTP] S ← 220 2.0.0 Ready to start TLS
[2026-05-29 23:55:58] [SUCCESS] Cifrado TLS establecido.
[2026-05-29 23:55:58] [SMTP] C → EHLO FAMILIA-HB
[2026-05-29 23:55:58] [SMTP] S ← 250-smtp.gmail.com at your service, [2001:1308:27ae:ca00:c898:92eb:dd01:55b3]
[2026-05-29 23:55:58] [SMTP] S ← 250-SIZE 35882577
[2026-05-29 23:55:58] [SMTP] S ← 250-8BITMIME
[2026-05-29 23:55:58] [SMTP] S ← 250-AUTH LOGIN PLAIN XOAUTH2 PLAIN-CLIENTTOKEN OAUTHBEARER XOAUTH
[2026-05-29 23:55:58] [SMTP] S ← 250-ENHANCEDSTATUSCODES
[2026-05-29 23:55:58] [SMTP] S ← 250-PIPELINING
[2026-05-29 23:55:58] [SMTP] S ← 250-CHUNKING
[2026-05-29 23:55:58] [SMTP] S ← 250 SMTPUTF8
[2026-05-29 23:55:58] [SMTP] C → AUTH LOGIN
[2026-05-29 23:55:58] [SMTP] S ← 334 VXNlcm5hbWU6
[2026-05-29 23:55:58] [SMTP] C → cGFzdG9yYW5kZXJzb25oZW5yaXF1ZXpAZ21haWwuY29t
[2026-05-29 23:55:58] [SMTP] S ← 334 UGFzc3dvcmQ6
[2026-05-29 23:55:58] [SMTP] C → [PASSWORD OCULTA]
[2026-05-29 23:55:58] [SMTP] S ← 235 2.7.0 Accepted
[2026-05-29 23:55:58] [SUCCESS] Autenticación exitosa.
[2026-05-29 23:55:58] [SMTP] C → MAIL FROM:<pastorandersonhenriquez@gmail.com>
[2026-05-29 23:55:58] [SMTP] S ← 250 2.1.0 OK 956f58d0204a3-660697440basm79427d50.7 - gsmtp
[2026-05-29 23:55:58] [SMTP] C → RCPT TO:<pastorandersonhenriquez@gmail.com>
[2026-05-29 23:55:58] [SMTP] S ← 250 2.1.5 OK 956f58d0204a3-660697440basm79427d50.7 - gsmtp
[2026-05-29 23:55:58] [SMTP] C → DATA
[2026-05-29 23:55:59] [SMTP] S ← 354 Go ahead 956f58d0204a3-660697440basm79427d50.7 - gsmtp
[2026-05-29 23:56:00] [SMTP] S ← 250 2.0.0 OK  1780113360 956f58d0204a3-660697440basm79427d50.7 - gsmtp
[2026-05-29 23:56:00] [SMTP] C → QUIT
[2026-05-29 23:56:00] [SUCCESS] ✔ Correo enviado exitosamente a pastorandersonhenriquez@gmail.com
[2026-05-29 23:56:00] [INFO]   Message-ID: <mqf.6a1a5fcf639ae1.59047317@smtp.gmail.com>
[2026-05-29 23:56:00] [INFO] ━━━━━━━━━━━━━━━━━━━━━━━━━━━━━━━━━━━━━━━━━
[2026-05-30 01:42:49] [INFO] ━━━━━━━━━━━━━━━━━━━━━━━━━━━━━━━━━━━━━━━━━
[2026-05-30 01:42:49] [INFO] Iniciando envío → pastorandersonhenriquez@gmail.com
[2026-05-30 01:42:49] [INFO] Servidor: smtp.gmail.com:587 | Cifrado: tls
[2026-05-30 01:42:49] [INFO] EHLO hostname local: FAMILIA-HB
[2026-05-30 01:42:50] [SMTP] S ← 220 smtp.gmail.com ESMTP 00721157ae682-7e17ae7e1b5sm2131097b3.28 - gsmtp
[2026-05-30 01:42:50] [SMTP] C → EHLO FAMILIA-HB
[2026-05-30 01:42:50] [SMTP] S ← 250-smtp.gmail.com at your service, [2001:1308:27ae:ca00:c898:92eb:dd01:55b3]
[2026-05-30 01:42:50] [SMTP] S ← 250-SIZE 35882577
[2026-05-30 01:42:50] [SMTP] S ← 250-8BITMIME
[2026-05-30 01:42:50] [SMTP] S ← 250-STARTTLS
[2026-05-30 01:42:50] [SMTP] S ← 250-ENHANCEDSTATUSCODES
[2026-05-30 01:42:50] [SMTP] S ← 250-PIPELINING
[2026-05-30 01:42:50] [SMTP] S ← 250-CHUNKING
[2026-05-30 01:42:50] [SMTP] S ← 250 SMTPUTF8
[2026-05-30 01:42:50] [INFO] Enviando STARTTLS...
[2026-05-30 01:42:50] [SMTP] C → STARTTLS
[2026-05-30 01:42:50] [SMTP] S ← 220 2.0.0 Ready to start TLS
[2026-05-30 01:42:50] [SUCCESS] Cifrado TLS establecido.
[2026-05-30 01:42:50] [SMTP] C → EHLO FAMILIA-HB
[2026-05-30 01:42:50] [SMTP] S ← 250-smtp.gmail.com at your service, [2001:1308:27ae:ca00:c898:92eb:dd01:55b3]
[2026-05-30 01:42:50] [SMTP] S ← 250-SIZE 35882577
[2026-05-30 01:42:50] [SMTP] S ← 250-8BITMIME
[2026-05-30 01:42:50] [SMTP] S ← 250-AUTH LOGIN PLAIN XOAUTH2 PLAIN-CLIENTTOKEN OAUTHBEARER XOAUTH
[2026-05-30 01:42:50] [SMTP] S ← 250-ENHANCEDSTATUSCODES
[2026-05-30 01:42:50] [SMTP] S ← 250-PIPELINING
[2026-05-30 01:42:50] [SMTP] S ← 250-CHUNKING
[2026-05-30 01:42:50] [SMTP] S ← 250 SMTPUTF8
[2026-05-30 01:42:50] [SMTP] C → AUTH LOGIN
[2026-05-30 01:42:50] [SMTP] S ← 334 VXNlcm5hbWU6
[2026-05-30 01:42:50] [SMTP] C → cGFzdG9yYW5kZXJzb25oZW5yaXF1ZXpAZ21haWwuY29t
[2026-05-30 01:42:50] [SMTP] S ← 334 UGFzc3dvcmQ6
[2026-05-30 01:42:50] [SMTP] C → [PASSWORD OCULTA]
[2026-05-30 01:42:50] [SMTP] S ← 235 2.7.0 Accepted
[2026-05-30 01:42:50] [SUCCESS] Autenticación exitosa.
[2026-05-30 01:42:50] [SMTP] C → MAIL FROM:<pastorandersonhenriquez@gmail.com>
[2026-05-30 01:42:50] [SMTP] S ← 250 2.1.0 OK 00721157ae682-7e17ae7e1b5sm2131097b3.28 - gsmtp
[2026-05-30 01:42:50] [SMTP] C → RCPT TO:<pastorandersonhenriquez@gmail.com>
[2026-05-30 01:42:50] [SMTP] S ← 250 2.1.5 OK 00721157ae682-7e17ae7e1b5sm2131097b3.28 - gsmtp
[2026-05-30 01:42:50] [SMTP] C → DATA
[2026-05-30 01:42:50] [SMTP] S ← 354 Go ahead 00721157ae682-7e17ae7e1b5sm2131097b3.28 - gsmtp
[2026-05-30 01:42:51] [SMTP] S ← 250 2.0.0 OK  1780119771 00721157ae682-7e17ae7e1b5sm2131097b3.28 - gsmtp
[2026-05-30 01:42:51] [SMTP] C → QUIT
[2026-05-30 01:42:51] [SUCCESS] ✔ Correo enviado exitosamente a pastorandersonhenriquez@gmail.com
[2026-05-30 01:42:51] [INFO]   Message-ID: <mqf.6a1a78dad2aae8.74241911@smtp.gmail.com>
[2026-05-30 01:42:51] [INFO] ━━━━━━━━━━━━━━━━━━━━━━━━━━━━━━━━━━━━━━━━━
[2026-05-30 02:20:12] [INFO] ━━━━━━━━━━━━━━━━━━━━━━━━━━━━━━━━━━━━━━━━━
[2026-05-30 02:20:12] [INFO] Iniciando envío → pastorandersonhenriquez@gmail.com
[2026-05-30 02:20:12] [INFO] Servidor: smtp.gmail.com:587 | Cifrado: tls
[2026-05-30 02:20:12] [INFO] EHLO hostname local: FAMILIA-HB
[2026-05-30 02:20:12] [SMTP] S ← 220 smtp.gmail.com ESMTP 956f58d0204a3-66069979effsm224443d50.11 - gsmtp
[2026-05-30 02:20:12] [SMTP] C → EHLO FAMILIA-HB
[2026-05-30 02:20:12] [SMTP] S ← 250-smtp.gmail.com at your service, [2001:1308:27ae:ca00:c898:92eb:dd01:55b3]
[2026-05-30 02:20:12] [SMTP] S ← 250-SIZE 35882577
[2026-05-30 02:20:12] [SMTP] S ← 250-8BITMIME
[2026-05-30 02:20:12] [SMTP] S ← 250-STARTTLS
[2026-05-30 02:20:12] [SMTP] S ← 250-ENHANCEDSTATUSCODES
[2026-05-30 02:20:12] [SMTP] S ← 250-PIPELINING
[2026-05-30 02:20:12] [SMTP] S ← 250-CHUNKING
[2026-05-30 02:20:12] [SMTP] S ← 250 SMTPUTF8
[2026-05-30 02:20:12] [INFO] Enviando STARTTLS...
[2026-05-30 02:20:12] [SMTP] C → STARTTLS
[2026-05-30 02:20:12] [SMTP] S ← 220 2.0.0 Ready to start TLS
[2026-05-30 02:20:12] [SUCCESS] Cifrado TLS establecido.
[2026-05-30 02:20:12] [SMTP] C → EHLO FAMILIA-HB
[2026-05-30 02:20:12] [SMTP] S ← 250-smtp.gmail.com at your service, [2001:1308:27ae:ca00:c898:92eb:dd01:55b3]
[2026-05-30 02:20:12] [SMTP] S ← 250-SIZE 35882577
[2026-05-30 02:20:12] [SMTP] S ← 250-8BITMIME
[2026-05-30 02:20:12] [SMTP] S ← 250-AUTH LOGIN PLAIN XOAUTH2 PLAIN-CLIENTTOKEN OAUTHBEARER XOAUTH
[2026-05-30 02:20:12] [SMTP] S ← 250-ENHANCEDSTATUSCODES
[2026-05-30 02:20:12] [SMTP] S ← 250-PIPELINING
[2026-05-30 02:20:12] [SMTP] S ← 250-CHUNKING
[2026-05-30 02:20:12] [SMTP] S ← 250 SMTPUTF8
[2026-05-30 02:20:12] [SMTP] C → AUTH LOGIN
[2026-05-30 02:20:12] [SMTP] S ← 334 VXNlcm5hbWU6
[2026-05-30 02:20:12] [SMTP] C → cGFzdG9yYW5kZXJzb25oZW5yaXF1ZXpAZ21haWwuY29t
[2026-05-30 02:20:12] [SMTP] S ← 334 UGFzc3dvcmQ6
[2026-05-30 02:20:12] [SMTP] C → [PASSWORD OCULTA]
[2026-05-30 02:20:12] [SMTP] S ← 235 2.7.0 Accepted
[2026-05-30 02:20:12] [SUCCESS] Autenticación exitosa.
[2026-05-30 02:20:12] [SMTP] C → MAIL FROM:<pastorandersonhenriquez@gmail.com>
[2026-05-30 02:20:12] [SMTP] S ← 250 2.1.0 OK 956f58d0204a3-66069979effsm224443d50.11 - gsmtp
[2026-05-30 02:20:12] [SMTP] C → RCPT TO:<pastorandersonhenriquez@gmail.com>
[2026-05-30 02:20:12] [SMTP] S ← 250 2.1.5 OK 956f58d0204a3-66069979effsm224443d50.11 - gsmtp
[2026-05-30 02:20:12] [SMTP] C → DATA
[2026-05-30 02:20:13] [SMTP] S ← 354 Go ahead 956f58d0204a3-66069979effsm224443d50.11 - gsmtp
[2026-05-30 02:20:13] [SMTP] S ← 250 2.0.0 OK  1780122013 956f58d0204a3-66069979effsm224443d50.11 - gsmtp
[2026-05-30 02:20:13] [SMTP] C → QUIT
[2026-05-30 02:20:13] [SUCCESS] ✔ Correo enviado exitosamente a pastorandersonhenriquez@gmail.com
[2026-05-30 02:20:13] [INFO]   Message-ID: <mqf.6a1a819d11e705.75842253@smtp.gmail.com>
[2026-05-30 02:20:13] [INFO] ━━━━━━━━━━━━━━━━━━━━━━━━━━━━━━━━━━━━━━━━━
[2026-05-30 02:42:34] [INFO] ━━━━━━━━━━━━━━━━━━━━━━━━━━━━━━━━━━━━━━━━━
[2026-05-30 02:42:34] [INFO] Iniciando envío → pastorandersonhenriquez@gmail.com
[2026-05-30 02:42:34] [INFO] Servidor: smtp.gmail.com:587 | Cifrado: tls
[2026-05-30 02:42:34] [INFO] EHLO hostname local: FAMILIA-HB
[2026-05-30 02:42:34] [SMTP] S ← 220 smtp.gmail.com ESMTP 956f58d0204a3-660699a02a0sm239513d50.16 - gsmtp
[2026-05-30 02:42:34] [SMTP] C → EHLO FAMILIA-HB
[2026-05-30 02:42:34] [SMTP] S ← 250-smtp.gmail.com at your service, [2001:1308:27ae:ca00:c898:92eb:dd01:55b3]
[2026-05-30 02:42:34] [SMTP] S ← 250-SIZE 35882577
[2026-05-30 02:42:34] [SMTP] S ← 250-8BITMIME
[2026-05-30 02:42:34] [SMTP] S ← 250-STARTTLS
[2026-05-30 02:42:34] [SMTP] S ← 250-ENHANCEDSTATUSCODES
[2026-05-30 02:42:34] [SMTP] S ← 250-PIPELINING
[2026-05-30 02:42:34] [SMTP] S ← 250-CHUNKING
[2026-05-30 02:42:34] [SMTP] S ← 250 SMTPUTF8
[2026-05-30 02:42:34] [INFO] Enviando STARTTLS...
[2026-05-30 02:42:34] [SMTP] C → STARTTLS
[2026-05-30 02:42:34] [SMTP] S ← 220 2.0.0 Ready to start TLS
[2026-05-30 02:42:34] [SUCCESS] Cifrado TLS establecido.
[2026-05-30 02:42:34] [SMTP] C → EHLO FAMILIA-HB
[2026-05-30 02:42:34] [SMTP] S ← 250-smtp.gmail.com at your service, [2001:1308:27ae:ca00:c898:92eb:dd01:55b3]
[2026-05-30 02:42:34] [SMTP] S ← 250-SIZE 35882577
[2026-05-30 02:42:34] [SMTP] S ← 250-8BITMIME
[2026-05-30 02:42:34] [SMTP] S ← 250-AUTH LOGIN PLAIN XOAUTH2 PLAIN-CLIENTTOKEN OAUTHBEARER XOAUTH
[2026-05-30 02:42:34] [SMTP] S ← 250-ENHANCEDSTATUSCODES
[2026-05-30 02:42:34] [SMTP] S ← 250-PIPELINING
[2026-05-30 02:42:34] [SMTP] S ← 250-CHUNKING
[2026-05-30 02:42:34] [SMTP] S ← 250 SMTPUTF8
[2026-05-30 02:42:34] [SMTP] C → AUTH LOGIN
[2026-05-30 02:42:34] [SMTP] S ← 334 VXNlcm5hbWU6
[2026-05-30 02:42:34] [SMTP] C → cGFzdG9yYW5kZXJzb25oZW5yaXF1ZXpAZ21haWwuY29t
[2026-05-30 02:42:34] [SMTP] S ← 334 UGFzc3dvcmQ6
[2026-05-30 02:42:34] [SMTP] C → [PASSWORD OCULTA]
[2026-05-30 02:42:34] [SMTP] S ← 235 2.7.0 Accepted
[2026-05-30 02:42:34] [SUCCESS] Autenticación exitosa.
[2026-05-30 02:42:34] [SMTP] C → MAIL FROM:<pastorandersonhenriquez@gmail.com>
[2026-05-30 02:42:35] [SMTP] S ← 250 2.1.0 OK 956f58d0204a3-660699a02a0sm239513d50.16 - gsmtp
[2026-05-30 02:42:35] [SMTP] C → RCPT TO:<pastorandersonhenriquez@gmail.com>
[2026-05-30 02:42:35] [SMTP] S ← 250 2.1.5 OK 956f58d0204a3-660699a02a0sm239513d50.16 - gsmtp
[2026-05-30 02:42:35] [SMTP] C → DATA
[2026-05-30 02:42:35] [SMTP] S ← 354 Go ahead 956f58d0204a3-660699a02a0sm239513d50.16 - gsmtp
[2026-05-30 02:42:36] [SMTP] S ← 250 2.0.0 OK  1780123355 956f58d0204a3-660699a02a0sm239513d50.16 - gsmtp
[2026-05-30 02:42:36] [SMTP] C → QUIT
[2026-05-30 02:42:36] [SUCCESS] ✔ Correo enviado exitosamente a pastorandersonhenriquez@gmail.com
[2026-05-30 02:42:36] [INFO]   Message-ID: <mqf.6a1a86db37aac2.28650575@smtp.gmail.com>
[2026-05-30 02:42:36] [INFO] ━━━━━━━━━━━━━━━━━━━━━━━━━━━━━━━━━━━━━━━━━
